[
  {"type":"KeywordNamespace","value":"module"},
  {"type":"Text","value":" "},
  {"type":"NameNamespace","value":"foo"},
  {"type":"Operator","value":";"},
  {"type":"Text","value":"\n\n"},
  {"type":"KeywordDeclaration","value":"class"},
  {"type":"Text","value":" "},
  {"type":"NameClass","value":"C"},
  {"type":"Text","value":" "},
  {"type":"Operator","value":"{}"},
  {"type":"Text","value":"\n\n"},
  {"type":"CommentMultiline","value":"/* comment1 */"},
  {"type":"Text","value":"\n"},
  {"type":"CommentMultiline","value":"/+ comment2 +/"},
  {"type":"Text","value":"\n"},
  {"type":"KeywordType","value":"int"},
  {"type":"Text","value":" "},
  {"type":"NameFunction","value":"main"},
  {"type":"Operator","value":"()"},
  {"type":"Text","value":" "},
  {"type":"Operator","value":"{"},
  {"type":"Text","value":"\n    "},
  {"type":"Keyword","value":"return"},
  {"type":"Text","value":" "},
  {"type":"LiteralNumberInteger","value":"0"},
  {"type":"Operator","value":";"},
  {"type":"Text","value":"\n"},
  {"type":"Operator","value":"}"},
  {"type":"Text","value":"\n"}
]
